Copyright 1986-2018 Xilinx, Inc. All Rights Reserved.
------------------------------------------------------------------------------------------------------------------------------------
| Tool Version : Vivado v.2018.1 (win64) Build 2188600 Wed Apr  4 18:40:38 MDT 2018
| Date         : Mon Feb  4 15:47:41 2019
| Host         : W0D9A8A70C19943 running 64-bit major release  (build 9200)
| Command      : report_drc -file MasterComponent_drc_opted.rpt -pb MasterComponent_drc_opted.pb -rpx MasterComponent_drc_opted.rpx
| Design       : MasterComponent
| Device       : xc7a35tcpg236-1
| Speed File   : -1
| Design State : Synthesized
------------------------------------------------------------------------------------------------------------------------------------

Report DRC

Table of Contents
-----------------
1. REPORT SUMMARY
2. REPORT DETAILS

1. REPORT SUMMARY
-----------------
            Netlist: netlist
          Floorplan: design_1
      Design limits: <entire design considered>
           Ruledeck: default
             Max violations: <unlimited>
             Violations found: 1
+-------------+----------+-------------------------------------------------------------+------------+
| Rule        | Severity | Description                                                 | Violations |
+-------------+----------+-------------------------------------------------------------+------------+
| PLHOLDVIO-2 | Warning  | Non-Optimal connections which could lead to hold violations | 1          |
+-------------+----------+-------------------------------------------------------------+------------+

2. REPORT DETAILS
-----------------
PLHOLDVIO-2#1 Warning
Non-Optimal connections which could lead to hold violations  
A LUT compClock250Hz/signalCounter[2]_i_2 is driving clock pin of 28 cells. This could lead to large hold time violations. First few involved cells are:
    compFCounter/sigCounter_reg[4] {FDCE}
    compFCounter/sigCounter_reg[3] {FDCE}
    compFCounter/sigCounter_reg[0] {FDCE}
    compFCounter/sigCounter_reg[1] {FDCE}
    compFCounter/sigCounter_reg[2] {FDCE}

Related violations: <none>


